Annie@Annie MINGW64 ~/veilleTechnologique/exercice05 (master)
$ git init
Reinitialized existing Git repository in C:/Users/Annie/veilleTechnologique/exercice05/.git/

Annie@Annie MINGW64 ~/veilleTechnologique/exercice05 (master)
$ git status
On branch master

Initial commit

Changes to be committed:
  (use "git rm --cached <file>..." to unstage)

        new file:   index.html
        new file:   styles/style.css
        new file:   styles/style.less

Changes not staged for commit:
  (use "git add <file>..." to update what will be committed)
  (use "git checkout -- <file>..." to discard changes in working directory)

        modified:   index.html
        modified:   styles/style.css
        modified:   styles/style.less


Annie@Annie MINGW64 ~/veilleTechnologique/exercice05 (master)
$ git add .
warning: LF will be replaced by CRLF in styles/style.css.
The file will have its original line endings in your working directory.

Annie@Annie MINGW64 ~/veilleTechnologique/exercice05 (master)
$ git status
On branch master

Initial commit

Changes to be committed:
  (use "git rm --cached <file>..." to unstage)

        new file:   index.html
        new file:   styles/style.css
        new file:   styles/style.less


Annie@Annie MINGW64 ~/veilleTechnologique/exercice05 (master)
$ git branch

Annie@Annie MINGW64 ~/veilleTechnologique/exercice05 (master)
$ git branch exercice-5-anim-svg-js
fatal: Not a valid object name: 'master'.

Annie@Annie MINGW64 ~/veilleTechnologique/exercice05 (master)
$ git
usage: git [--version] [--help] [-C <path>] [-c name=value]
           [--exec-path[=<path>]] [--html-path] [--man-path] [--info-path]
           [-p | --paginate | --no-pager] [--no-replace-objects] [--bare]
           [--git-dir=<path>] [--work-tree=<path>] [--namespace=<name>]
           <command> [<args>]

These are common Git commands used in various situations:

start a working area (see also: git help tutorial)
   clone      Clone a repository into a new directory
   init       Create an empty Git repository or reinitialize an existing one

work on the current change (see also: git help everyday)
   add        Add file contents to the index
   mv         Move or rename a file, a directory, or a symlink
   reset      Reset current HEAD to the specified state
   rm         Remove files from the working tree and from the index

examine the history and state (see also: git help revisions)
   bisect     Use binary search to find the commit that introduced a bug
   grep       Print lines matching a pattern
   log        Show commit logs
   show       Show various types of objects
   status     Show the working tree status

grow, mark and tweak your common history
   branch     List, create, or delete branches
   checkout   Switch branches or restore working tree files
   commit     Record changes to the repository
   diff       Show changes between commits, commit and working tree, etc
   merge      Join two or more development histories together
   rebase     Reapply commits on top of another base tip
   tag        Create, list, delete or verify a tag object signed with GPG

collaborate (see also: git help workflows)
   fetch      Download objects and refs from another repository
   pull       Fetch from and integrate with another repository or a local branch
   push       Update remote refs along with associated objects

'git help -a' and 'git help -g' list available subcommands and some
concept guides. See 'git help <command>' or 'git help <concept>'
to read about a specific subcommand or concept.

Annie@Annie MINGW64 ~/veilleTechnologique/exercice05 (master)
$ git status
On branch master

Initial commit

Changes to be committed:
  (use "git rm --cached <file>..." to unstage)

        new file:   index.html
        new file:   styles/style.css
        new file:   styles/style.less

Changes not staged for commit:
  (use "git add <file>..." to update what will be committed)
  (use "git checkout -- <file>..." to discard changes in working directory)

        modified:   index.html
        modified:   styles/style.less

Untracked files:
  (use "git add <file>..." to include in what will be committed)

        cmd-historique.txt


Annie@Annie MINGW64 ~/veilleTechnologique/exercice05 (master)
$ git add .

Annie@Annie MINGW64 ~/veilleTechnologique/exercice05 (master)
$ git branch

Annie@Annie MINGW64 ~/veilleTechnologique/exercice05 (master)
$ git branch exercice5
fatal: Not a valid object name: 'master'.

Annie@Annie MINGW64 ~/veilleTechnologique/exercice05 (master)
$ git status
On branch master

Initial commit

Changes to be committed:
  (use "git rm --cached <file>..." to unstage)

        new file:   cmd-historique.txt
        new file:   index.html
        new file:   styles/style.css
        new file:   styles/style.less


Annie@Annie MINGW64 ~/veilleTechnologique/exercice05 (master)
$ git log
fatal: your current branch 'master' does not have any commits yet

Annie@Annie MINGW64 ~/veilleTechnologique/exercice05 (master)
$ git commit -m "initialisation de l'exercie - creation triangle avec scroll"
[master (root-commit) 7e1fd5a] initialisation de l'exercie - creation triangle avec scroll
 4 files changed, 100 insertions(+)
 create mode 100644 cmd-historique.txt
 create mode 100644 index.html
 create mode 100644 styles/style.css
 create mode 100644 styles/style.less

Annie@Annie MINGW64 ~/veilleTechnologique/exercice05 (master)
$ git status
On branch master
nothing to commit, working tree clean

Annie@Annie MINGW64 ~/veilleTechnologique/exercice05 (master)
$ git log
commit 7e1fd5ab9d97cf2739d09c55e5a5c458e9147411
Author: Annie Vu <annievu9@gmail.com>
Date:   Tue Feb 14 16:05:50 2017 -0500

    initialisation de l'exercie - creation triangle avec scroll

Annie@Annie MINGW64 ~/veilleTechnologique/exercice05 (master)
$ git branch
* master

Annie@Annie MINGW64 ~/veilleTechnologique/exercice05 (master)
$ git branch exercice-5-anim-svg-js

Annie@Annie MINGW64 ~/veilleTechnologique/exercice05 (master)
$ git checkout exercice-5-anim-svg-js
Switched to branch 'exercice-5-anim-svg-js'

Annie@Annie MINGW64 ~/veilleTechnologique/exercice05 (exercice-5-anim-svg-js)
$ git status
On branch exercice-5-anim-svg-js
Changes not staged for commit:
  (use "git add <file>..." to update what will be committed)
  (use "git checkout -- <file>..." to discard changes in working directory)

        modified:   cmd-historique.txt
        modified:   index.html
        modified:   styles/style.css
        modified:   styles/style.less

no changes added to commit (use "git add" and/or "git commit -a")

Annie@Annie MINGW64 ~/veilleTechnologique/exercice05 (exercice-5-anim-svg-js)
$ git add .
warning: LF will be replaced by CRLF in styles/style.css.
The file will have its original line endings in your working directory.

Annie@Annie MINGW64 ~/veilleTechnologique/exercice05 (exercice-5-anim-svg-js)
$ git status
On branch exercice-5-anim-svg-js
Changes to be committed:
  (use "git reset HEAD <file>..." to unstage)

        modified:   cmd-historique.txt
        modified:   index.html
        modified:   styles/style.css
        modified:   styles/style.less


Annie@Annie MINGW64 ~/veilleTechnologique/exercice05 (exercice-5-anim-svg-js)
$ git log
commit 7e1fd5ab9d97cf2739d09c55e5a5c458e9147411
Author: Annie Vu <annievu9@gmail.com>
Date:   Tue Feb 14 16:05:50 2017 -0500

    initialisation de l'exercie - creation triangle avec scroll

Annie@Annie MINGW64 ~/veilleTechnologique/exercice05 (exercice-5-anim-svg-js)
$ git commit -m "finaliser exercice"
[exercice-5-anim-svg-js 1294a8e] finaliser exercice
 4 files changed, 189 insertions(+), 38 deletions(-)
 rewrite index.html (69%)

Annie@Annie MINGW64 ~/veilleTechnologique/exercice05 (exercice-5-anim-svg-js)
$ git log
commit 1294a8e19efdc6cb88d29a9841da95f3b94bc022
Author: Annie Vu <annievu9@gmail.com>
Date:   Thu Feb 16 11:27:43 2017 -0500

    finaliser exercice

commit 7e1fd5ab9d97cf2739d09c55e5a5c458e9147411
Author: Annie Vu <annievu9@gmail.com>
Date:   Tue Feb 14 16:05:50 2017 -0500

    initialisation de l'exercie - creation triangle avec scroll

Annie@Annie MINGW64 ~/veilleTechnologique/exercice05 (exercice-5-anim-svg-js)
$ git status
On branch exercice-5-anim-svg-js
Changes not staged for commit:
  (use "git add <file>..." to update what will be committed)
  (use "git checkout -- <file>..." to discard changes in working directory)

        modified:   styles/style.css
        modified:   styles/style.less

no changes added to commit (use "git add" and/or "git commit -a")

Annie@Annie MINGW64 ~/veilleTechnologique/exercice05 (exercice-5-anim-svg-js)
$ git add .
warning: LF will be replaced by CRLF in styles/style.css.
The file will have its original line endings in your working directory.

Annie@Annie MINGW64 ~/veilleTechnologique/exercice05 (exercice-5-anim-svg-js)
$ git push https://github.com/pootannie/vt-exercice05 exerccie-5-anim-svg-js
error: src refspec exerccie-5-anim-svg-js does not match any.
error: failed to push some refs to 'https://github.com/pootannie/vt-exercice05'

Annie@Annie MINGW64 ~/veilleTechnologique/exercice05 (exercice-5-anim-svg-js)
$ git push https://github.com/pootannie/vt-exercice05 exercice-5-anim-svg-js
Counting objects: 14, done.
Delta compression using up to 4 threads.
Compressing objects: 100% (14/14), done.
Writing objects: 100% (14/14), 3.66 KiB | 0 bytes/s, done.
Total 14 (delta 4), reused 0 (delta 0)
remote: Resolving deltas: 100% (4/4), done.
To https://github.com/pootannie/vt-exercice05
 * [new branch]      exercice-5-anim-svg-js -> exercice-5-anim-svg-js

Annie@Annie MINGW64 ~/veilleTechnologique/exercice05 (exercice-5-anim-svg-js)
$ git status
On branch exercice-5-anim-svg-js
Changes to be committed:
  (use "git reset HEAD <file>..." to unstage)

        modified:   styles/style.css
        modified:   styles/style.less

Changes not staged for commit:
  (use "git add <file>..." to update what will be committed)
  (use "git checkout -- <file>..." to discard changes in working directory)

        modified:   cmd-historique.txt

Untracked files:
  (use "git add <file>..." to include in what will be committed)

        acces.txt


Annie@Annie MINGW64 ~/veilleTechnologique/exercice05 (exercice-5-anim-svg-js)
$ git add .
