Annie@Annie MINGW64 ~/veilleTechnologique/exercice05 (master)
$ git init
Reinitialized existing Git repository in C:/Users/Annie/veilleTechnologique/exercice05/.git/

Annie@Annie MINGW64 ~/veilleTechnologique/exercice05 (master)
$ git status
On branch master

Initial commit

Changes to be committed:
  (use "git rm --cached <file>..." to unstage)

        new file:   index.html
        new file:   styles/style.css
        new file:   styles/style.less

Changes not staged for commit:
  (use "git add <file>..." to update what will be committed)
  (use "git checkout -- <file>..." to discard changes in working directory)

        modified:   index.html
        modified:   styles/style.css
        modified:   styles/style.less


Annie@Annie MINGW64 ~/veilleTechnologique/exercice05 (master)
$ git add .
warning: LF will be replaced by CRLF in styles/style.css.
The file will have its original line endings in your working directory.

Annie@Annie MINGW64 ~/veilleTechnologique/exercice05 (master)
$ git status
On branch master

Initial commit

Changes to be committed:
  (use "git rm --cached <file>..." to unstage)

        new file:   index.html
        new file:   styles/style.css
        new file:   styles/style.less
